// Vitest Snapshot v1, https://vitest.dev/guide/snapshot.html

exports[`<AuthHeaderLogo /> > should match snapshot 1`] = `
<DocumentFragment>
  <aside
    class="mx_AuthHeaderLogo"
  >
    <img
      alt="Poda"
      src="themes/poda/img/logos/poda-mark.svg"
    />
  </aside>
</DocumentFragment>
`;
